
Linker Version 8.7.7.190806
Input Object File: c:\users\deno\desktop\ovt1205-h360c-sd1r1\output\OVT1205-H360C-SD1.OBJ
Input Object File: c:\users\deno\desktop\ovt1205-h360c-sd1r1\output\STARTUP1_L.OBJ
Input Object File: C:\Users\DENO\AppData\Local\Temp\BS66F360_LIBV413.OBJ
Input Object File: c:\users\deno\desktop\ovt1205-h360c-sd1r1\output\MAIN_PROGRAM_V104.OBJ

Input Library File: C:\Program Files\Holtek MCU Development Tools\HT-IDE3000V8.x\LIB\LIBHOLTEKGCC.LIB
Input Library File: C:\Program Files\Holtek MCU Development Tools\HT-IDE3000V8.x\LIB\v3_lmrmc.lib


     Bank    Start     End      Length     Class    AvgIns    Name
     00h     0000h     0002h    0003h      CODE               PROGRAM_ENTRY (c:\users\deno\desktop\ovt1205-h360c-sd1r1\output\MAIN_PROGRAM_V104.OBJ)
     00h     0003h     0009h    0007h      CODE               _builtin_holtek_dtinf (C:\Program Files\Holtek MCU Development Tools\HT-IDE3000V8.x\LIB\LIBHOLTEKGCC.LIB)
     00h     000ch     000fh    0004h      CODE               TOUCH_INT (C:\Users\DENO\AppData\Local\Temp\BS66F360_LIBV413.OBJ)
     00h     0014h     0017h    0004h      CODE               @CTMA0Interrupt_code (c:\users\deno\desktop\ovt1205-h360c-sd1r1\output\OVT1205-H360C-SD1.OBJ)
     00h     0018h     0023h    000ch      CODE               _ending_handle (c:\users\deno\desktop\ovt1205-h360c-sd1r1\output\OVT1205-H360C-SD1.OBJ)
     00h     0024h     0027h    0004h      CODE               TIME_BASE_INT (C:\Users\DENO\AppData\Local\Temp\BS66F360_LIBV413.OBJ)
     00h     0028h     002bh    0004h      CODE               @TB1Interrupt_code (c:\users\deno\desktop\ovt1205-h360c-sd1r1\output\OVT1205-H360C-SD1.OBJ)
     00h     002ch     00cfh    00a4h      CODE               _CTMA0Interrupt (c:\users\deno\desktop\ovt1205-h360c-sd1r1\output\OVT1205-H360C-SD1.OBJ)
     00h     00dah     0215h    013ch      CODE               _TB1Interrupt (c:\users\deno\desktop\ovt1205-h360c-sd1r1\output\OVT1205-H360C-SD1.OBJ)
     00h     021ah     0849h    0630h      CODE               TKS_LIBRARY_CODE (C:\Users\DENO\AppData\Local\Temp\BS66F360_LIBV413.OBJ)
     00h     084ah     08e8h    009fh      CODE               MAIN_PROGRAM (c:\users\deno\desktop\ovt1205-h360c-sd1r1\output\MAIN_PROGRAM_V104.OBJ)
     00h     08e9h     0900h    0018h      CODE               @builtin_holtek_dtdecode (C:\Program Files\Holtek MCU Development Tools\HT-IDE3000V8.x\LIB\LIBHOLTEKGCC.LIB)
     00h     0901h     0940h    0040h      CODE               _builtin_holtek_dtmul (C:\Program Files\Holtek MCU Development Tools\HT-IDE3000V8.x\LIB\LIBHOLTEKGCC.LIB)
     00h     0941h     097eh    003eh      CODE               @builtin_holtek_dtsubadd (C:\Program Files\Holtek MCU Development Tools\HT-IDE3000V8.x\LIB\LIBHOLTEKGCC.LIB)
     00h     097fh     098ch    000eh      CODE               itodaz (C:\Program Files\Holtek MCU Development Tools\HT-IDE3000V8.x\LIB\LIBHOLTEKGCC.LIB)
     00h     098dh     09b7h    002bh      CODE               _builtin_holtek_dtol (C:\Program Files\Holtek MCU Development Tools\HT-IDE3000V8.x\LIB\LIBHOLTEKGCC.LIB)
     00h     09b8h     09f3h    003ch      CODE               _builtin_holtek_dtdiv (C:\Program Files\Holtek MCU Development Tools\HT-IDE3000V8.x\LIB\LIBHOLTEKGCC.LIB)
     00h     09f4h     0a27h    0034h      CODE               _builtin_holtek_dtnorm (C:\Program Files\Holtek MCU Development Tools\HT-IDE3000V8.x\LIB\LIBHOLTEKGCC.LIB)
     00h     0a28h     0a3ah    0013h      CODE               @crom (c:\users\deno\desktop\ovt1205-h360c-sd1r1\output\OVT1205-H360C-SD1.OBJ)
     00h     0a3bh     0a4dh    0013h      CODE               _builtin_holtek_mulhi3_isr28 (C:\Program Files\Holtek MCU Development Tools\HT-IDE3000V8.x\LIB\LIBHOLTEKGCC.LIB)
     00h     0a4eh     0b97h    014ah      CODE               _controller (c:\users\deno\desktop\ovt1205-h360c-sd1r1\output\OVT1205-H360C-SD1.OBJ)
     00h     0b98h     0bbch    0025h      CODE               _reset (c:\users\deno\desktop\ovt1205-h360c-sd1r1\output\OVT1205-H360C-SD1.OBJ)
     00h     0bbdh     0f2fh    0373h      CODE               _program_test_deno (c:\users\deno\desktop\ovt1205-h360c-sd1r1\output\OVT1205-H360C-SD1.OBJ)
     00h     0f30h     103ah    010bh      CODE               _program_test (c:\users\deno\desktop\ovt1205-h360c-sd1r1\output\OVT1205-H360C-SD1.OBJ)
     00h     103bh     10cch    0092h      CODE               _make_sound (c:\users\deno\desktop\ovt1205-h360c-sd1r1\output\OVT1205-H360C-SD1.OBJ)
     00h     10cdh     1157h    008bh      CODE               _refresh_led (c:\users\deno\desktop\ovt1205-h360c-sd1r1\output\OVT1205-H360C-SD1.OBJ)
     00h     1158h     1165h    000eh      CODE               _CROM2PROM (CROM2PROM)
     00h     1166h     1178h    0013h      CODE               _data_segment (c:\users\deno\desktop\ovt1205-h360c-sd1r1\output\OVT1205-H360C-SD1.OBJ)
     00h     1179h     12ebh    0173h      CODE               _refresh_segment (c:\users\deno\desktop\ovt1205-h360c-sd1r1\output\OVT1205-H360C-SD1.OBJ)
     00h     12ech     13dch    00f1h      CODE               _make_led_flags (c:\users\deno\desktop\ovt1205-h360c-sd1r1\output\OVT1205-H360C-SD1.OBJ)
     00h     13ddh     1408h    002ch      CODE               _builtin_holtek_divmodqi4_isr00 (C:\Program Files\Holtek MCU Development Tools\HT-IDE3000V8.x\LIB\LIBHOLTEKGCC.LIB)
     00h     1409h     1448h    0040h      CODE               _builtin_holtek_divmodhi4_isr00 (C:\Program Files\Holtek MCU Development Tools\HT-IDE3000V8.x\LIB\LIBHOLTEKGCC.LIB)
     00h     1449h     1a4ch    0604h      CODE               _make_segment_data (c:\users\deno\desktop\ovt1205-h360c-sd1r1\output\OVT1205-H360C-SD1.OBJ)
     00h     1a4dh     1b07h    00bbh      CODE               _temperature_predictor (c:\users\deno\desktop\ovt1205-h360c-sd1r1\output\OVT1205-H360C-SD1.OBJ)
     00h     1b08h     1bf4h    00edh      CODE               _frexp (C:\Program Files\Holtek MCU Development Tools\HT-IDE3000V8.x\LIB\v3_lmrmc.lib)
     00h     1bf5h     1fb0h    03bch      CODE               _log (C:\Program Files\Holtek MCU Development Tools\HT-IDE3000V8.x\LIB\v3_lmrmc.lib)
     00h     1fb1h     1fd9h    0029h      CODE               _error_handle (c:\users\deno\desktop\ovt1205-h360c-sd1r1\output\OVT1205-H360C-SD1.OBJ)
     00h     1fdah     1ff7h    001eh      CODE               @ROMDATA_BASE (c:\users\deno\desktop\ovt1205-h360c-sd1r1\output\OVT1205-H360C-SD1.OBJ)
     01h     0000h     002bh    002ch      CODE               _read_adc (c:\users\deno\desktop\ovt1205-h360c-sd1r1\output\OVT1205-H360C-SD1.OBJ)
     01h     002ch     028bh    0260h      CODE               _temperature_calculation (c:\users\deno\desktop\ovt1205-h360c-sd1r1\output\OVT1205-H360C-SD1.OBJ)
     01h     028ch     0318h    008dh      CODE               _cook_run (c:\users\deno\desktop\ovt1205-h360c-sd1r1\output\OVT1205-H360C-SD1.OBJ)
     01h     0319h     0b4fh    0837h      CODE               _USER_PROGRAM (c:\users\deno\desktop\ovt1205-h360c-sd1r1\output\OVT1205-H360C-SD1.OBJ)
     01h     0b50h     0c92h    0143h      CODE               _USER_PROGRAM_INITIAL (c:\users\deno\desktop\ovt1205-h360c-sd1r1\output\OVT1205-H360C-SD1.OBJ)
     00h     0080h     00bdh    003eh      DATA     2.129     TKS_LIBRARY_DATA0 (C:\Users\DENO\AppData\Local\Temp\BS66F360_LIBV413.OBJ)
     00h     00beh     00bfh    0002h      DATA     3         MAIN_DATA (c:\users\deno\desktop\ovt1205-h360c-sd1r1\output\MAIN_PROGRAM_V104.OBJ)
     00h     00c0h     00c0h    0001h      DATA     158       @data_ra (C:\Program Files\Holtek MCU Development Tools\HT-IDE3000V8.x\LIB\LIBHOLTEKGCC.LIB)
     00h     00c1h     00c1h    0001h      DATA     115       @data_rb (C:\Program Files\Holtek MCU Development Tools\HT-IDE3000V8.x\LIB\LIBHOLTEKGCC.LIB)
     00h     00c2h     00c2h    0001h      DATA     94        @data_rc (C:\Program Files\Holtek MCU Development Tools\HT-IDE3000V8.x\LIB\LIBHOLTEKGCC.LIB)
     00h     00c3h     00c3h    0001h      DATA     130       @data_rd (C:\Program Files\Holtek MCU Development Tools\HT-IDE3000V8.x\LIB\LIBHOLTEKGCC.LIB)
     00h     00c4h     00c4h    0001h      DATA     107       @data_re (C:\Program Files\Holtek MCU Development Tools\HT-IDE3000V8.x\LIB\LIBHOLTEKGCC.LIB)
     00h     00c5h     00c5h    0001h      DATA     83        @data_rf (C:\Program Files\Holtek MCU Development Tools\HT-IDE3000V8.x\LIB\LIBHOLTEKGCC.LIB)
     00h     00c6h     00c6h    0001h      DATA     83        @data_rg (C:\Program Files\Holtek MCU Development Tools\HT-IDE3000V8.x\LIB\LIBHOLTEKGCC.LIB)
     00h     00c7h     00c7h    0001h      DATA     21        @data_rh (C:\Program Files\Holtek MCU Development Tools\HT-IDE3000V8.x\LIB\LIBHOLTEKGCC.LIB)
     00h     00c8h     00cdh    0006h      DATA     96.667    ftdata1 (C:\Program Files\Holtek MCU Development Tools\HT-IDE3000V8.x\LIB\LIBHOLTEKGCC.LIB)
     00h     00ceh     00d0h    0003h      DATA     96.333    dtdata (C:\Program Files\Holtek MCU Development Tools\HT-IDE3000V8.x\LIB\LIBHOLTEKGCC.LIB)
     00h     00d1h     00d7h    0007h      DATA     41        ftdata2 (C:\Program Files\Holtek MCU Development Tools\HT-IDE3000V8.x\LIB\LIBHOLTEKGCC.LIB)
     00h     00d8h     00d8h    0001h      DATA     18        @data_ra14 (isr:ra~rh)
     00h     00d9h     00d9h    0001h      DATA     25        @data_rb14 (isr:ra~rh)
     00h     00dah     00dah    0001h      DATA     25        @data_rc14 (isr:ra~rh)
     00h     00dbh     00dbh    0001h      DATA     44        @data_rd14 (isr:ra~rh)
     00h     00dch     00dch    0001h      DATA     44        @data_re14 (isr:ra~rh)
     00h     00ddh     00ddh    0001h      DATA     44        @data_rf14 (isr:ra~rh)
     00h     00deh     00deh    0001h      DATA     44        @data_rg14 (isr:ra~rh)
     00h     00dfh     00dfh    0001h      DATA     2         @data_r114 (isr:ra~rh)
     00h     00e0h     00e0h    0001h      DATA     2         @data_r214 (isr:ra~rh)
     00h     00e1h     00e1h    0001h      DATA     37        @data_rb28 (isr:ra~rh)
     00h     00e2h     00e2h    0001h      DATA     39        @data_rc28 (isr:ra~rh)
     00h     00e3h     00e3h    0001h      DATA     8         @data_rf28 (isr:ra~rh)
     00h     00e4h     00e4h    0001h      DATA     6         @data_rg28 (isr:ra~rh)
     00h     00e5h     00e5h    0001h      DATA     6         @data_rd28 (isr:ra~rh)
     00h     00e6h     00e6h    0001h      DATA     8         @data_re28 (isr:ra~rh)
     00h     00e7h     00e7h    0001h      DATA     29        @data_ra28 (isr:ra~rh)
     00h     00e8h     00e8h    0001h      DATA     2         @data_r128 (isr:ra~rh)
     00h     00e9h     00e9h    0001h      DATA     2         @data_r228 (isr:ra~rh)
     01h     0080h     00d3h    0054h      DATA     0         TKS_LIBRARY_DATA1 (C:\Users\DENO\AppData\Local\Temp\BS66F360_LIBV413.OBJ)
     01h     00eah     00ebh    0002h      DATA     8         @HCCINIT___sample_count_3021 (c:\users\deno\desktop\ovt1205-h360c-sd1r1\output\OVT1205-H360C-SD1.OBJ)
     01h     00ech     00edh    0002h      DATA     6.5       @HCCINIT___controller_output_3022 (c:\users\deno\desktop\ovt1205-h360c-sd1r1\output\OVT1205-H360C-SD1.OBJ)
     01h     00eeh     00efh    0002h      DATA     6         @HCCINIT___value_decrement_3020 (c:\users\deno\desktop\ovt1205-h360c-sd1r1\output\OVT1205-H360C-SD1.OBJ)
     01h     00f0h     00f1h    0002h      DATA     6         @HCCINIT___value_increment_3019 (c:\users\deno\desktop\ovt1205-h360c-sd1r1\output\OVT1205-H360C-SD1.OBJ)
     01h     00f2h     00f2h    0001h      DATA     5         @HCCINIT___F_VALUEINCREASING_3023 (c:\users\deno\desktop\ovt1205-h360c-sd1r1\output\OVT1205-H360C-SD1.OBJ)
     01h     00f3h     00f4h    0002h      DATA     5         @HCCINIT___caviti_temperature_temporary_2999 (c:\users\deno\desktop\ovt1205-h360c-sd1r1\output\OVT1205-H360C-SD1.OBJ)
     01h     00f5h     00f5h    0001h      DATA     5         @HCCINIT___iteration_2994 (c:\users\deno\desktop\ovt1205-h360c-sd1r1\output\OVT1205-H360C-SD1.OBJ)
     01h     00f6h     00f7h    0002h      DATA     5         @HCCINIT___Ad_i_2843 (c:\users\deno\desktop\ovt1205-h360c-sd1r1\output\OVT1205-H360C-SD1.OBJ)
     01h     00f8h     00f9h    0002h      DATA     4         @HCCINIT___caviti_temperature_sum_2997 (c:\users\deno\desktop\ovt1205-h360c-sd1r1\output\OVT1205-H360C-SD1.OBJ)
     01h     00fah     00fah    0001h      DATA     4         @HCCINIT___counter_sample_2995 (c:\users\deno\desktop\ovt1205-h360c-sd1r1\output\OVT1205-H360C-SD1.OBJ)
     01h     00fbh     00fbh    0001h      DATA     4         @HCCINIT___error_number_temporary_2996 (c:\users\deno\desktop\ovt1205-h360c-sd1r1\output\OVT1205-H360C-SD1.OBJ)
     01h     00fch     00fch    0001h      DATA     4         @HCCINIT___value_adcl_2985 (c:\users\deno\desktop\ovt1205-h360c-sd1r1\output\OVT1205-H360C-SD1.OBJ)
     01h     00fdh     00feh    0002h      DATA     4         @HCCINIT___Ad_d_2844 (c:\users\deno\desktop\ovt1205-h360c-sd1r1\output\OVT1205-H360C-SD1.OBJ)
     01h     00ffh     00ffh    0001h      DATA     3         @HCCINIT___F_SAMPLE_COUNT_PASSED_3025 (c:\users\deno\desktop\ovt1205-h360c-sd1r1\output\OVT1205-H360C-SD1.OBJ)
     02h     0080h     00efh    0070h      DATA     0         TKS_LIBRARY_DATA2 (C:\Users\DENO\AppData\Local\Temp\BS66F360_LIBV413.OBJ)
     03h     0080h     00ffh    0080h      DATA     0         TKS_LIBRARY_DATA3 (C:\Users\DENO\AppData\Local\Temp\BS66F360_LIBV413.OBJ)
     04h     0080h     0080h    0001h      DATA     3         @HCCINIT___value_adch_2986 (c:\users\deno\desktop\ovt1205-h360c-sd1r1\output\OVT1205-H360C-SD1.OBJ)
     04h     0081h     0081h    0001h      DATA     3         @HCCINIT___index_led_2933 (c:\users\deno\desktop\ovt1205-h360c-sd1r1\output\OVT1205-H360C-SD1.OBJ)
     04h     0082h     0082h    0001h      DATA     3         @HCCINIT___index_segment_2890 (c:\users\deno\desktop\ovt1205-h360c-sd1r1\output\OVT1205-H360C-SD1.OBJ)
     04h     0083h     0084h    0002h      DATA     3         @HCCINIT___Tu_2846 (c:\users\deno\desktop\ovt1205-h360c-sd1r1\output\OVT1205-H360C-SD1.OBJ)
     04h     0085h     0086h    0002h      DATA     3         @HCCINIT___Tl_2845 (c:\users\deno\desktop\ovt1205-h360c-sd1r1\output\OVT1205-H360C-SD1.OBJ)
     04h     0087h     0088h    0002h      DATA     3         @HCCINIT___counter_xtal_show_status_2839 (c:\users\deno\desktop\ovt1205-h360c-sd1r1\output\OVT1205-H360C-SD1.OBJ)
     04h     0089h     008ah    0002h      DATA     2         @HCCINIT___dT_d_3017 (c:\users\deno\desktop\ovt1205-h360c-sd1r1\output\OVT1205-H360C-SD1.OBJ)
     04h     008bh     008ch    0002h      DATA     2         @HCCINIT___dT_i_3016 (c:\users\deno\desktop\ovt1205-h360c-sd1r1\output\OVT1205-H360C-SD1.OBJ)
     04h     008dh     008dh    0001h      DATA     2         @HCCINIT___LAST_F_VALUEINCREASING_3024 (c:\users\deno\desktop\ovt1205-h360c-sd1r1\output\OVT1205-H360C-SD1.OBJ)
     04h     008eh     008fh    0002h      DATA     2         @HCCINIT___last_process_value_3018 (c:\users\deno\desktop\ovt1205-h360c-sd1r1\output\OVT1205-H360C-SD1.OBJ)
     04h     0090h     0093h    0004h      DATA     2         @HCCINIT___caviti_temperature_temporary2_3001 (c:\users\deno\desktop\ovt1205-h360c-sd1r1\output\OVT1205-H360C-SD1.OBJ)
     04h     0094h     0097h    0004h      DATA     2         @HCCINIT___caviti_temperature_temporary1_3000 (c:\users\deno\desktop\ovt1205-h360c-sd1r1\output\OVT1205-H360C-SD1.OBJ)
     04h     0098h     0099h    0002h      DATA     1         @HCCINIT___caviti_adc_temporary_2998 (c:\users\deno\desktop\ovt1205-h360c-sd1r1\output\OVT1205-H360C-SD1.OBJ)
     04h     009ah     009bh    0002h      DATA     1         @HCCINIT___value_adc_2987 (c:\users\deno\desktop\ovt1205-h360c-sd1r1\output\OVT1205-H360C-SD1.OBJ)
     04h     009ch     009ch    0001h      DATA     44        @HCCINIT0_setting_mode (c:\users\deno\desktop\ovt1205-h360c-sd1r1\output\OVT1205-H360C-SD1.OBJ)
     04h     009dh     009dh    0001h      DATA     41        @HCCINIT0_cook_mode (c:\users\deno\desktop\ovt1205-h360c-sd1r1\output\OVT1205-H360C-SD1.OBJ)
     04h     009eh     009eh    0001h      DATA     38        @HCCINIT0_error_number (c:\users\deno\desktop\ovt1205-h360c-sd1r1\output\OVT1205-H360C-SD1.OBJ)
     04h     009fh     009fh    0001h      DATA     37        @HCCINIT0_f_key_press (c:\users\deno\desktop\ovt1205-h360c-sd1r1\output\OVT1205-H360C-SD1.OBJ)
     04h     00a0h     00a0h    0001h      DATA     34        @HCCINIT0_f_start (c:\users\deno\desktop\ovt1205-h360c-sd1r1\output\OVT1205-H360C-SD1.OBJ)
     04h     00a1h     00a1h    0001h      DATA     28        @HCCINIT0_segment_on (c:\users\deno\desktop\ovt1205-h360c-sd1r1\output\OVT1205-H360C-SD1.OBJ)
     04h     00a2h     00a2h    0001h      DATA     26        @HCCINIT0_f_finish_cooking (c:\users\deno\desktop\ovt1205-h360c-sd1r1\output\OVT1205-H360C-SD1.OBJ)
     04h     00a3h     00a3h    0001h      DATA     23        @HCCINIT0_f_show_version (c:\users\deno\desktop\ovt1205-h360c-sd1r1\output\OVT1205-H360C-SD1.OBJ)
     04h     00a4h     00a8h    0005h      DATA     22        @HCCINIT0_value_segment (c:\users\deno\desktop\ovt1205-h360c-sd1r1\output\OVT1205-H360C-SD1.OBJ)
     04h     00a9h     00aah    0002h      DATA     21        @HCCINIT0_cook_minute_set (c:\users\deno\desktop\ovt1205-h360c-sd1r1\output\OVT1205-H360C-SD1.OBJ)
     04h     00abh     00abh    0001h      DATA     21        @HCCINIT0_f_preheat_enable (c:\users\deno\desktop\ovt1205-h360c-sd1r1\output\OVT1205-H360C-SD1.OBJ)
     04h     00ach     00ach    0001h      DATA     21        @HCCINIT0_f_show_brand (c:\users\deno\desktop\ovt1205-h360c-sd1r1\output\OVT1205-H360C-SD1.OBJ)
     04h     00adh     00b0h    0004h      DATA     20        @HCCINIT0_counter_test_deno (c:\users\deno\desktop\ovt1205-h360c-sd1r1\output\OVT1205-H360C-SD1.OBJ)
     04h     00b1h     00b1h    0001h      DATA     20        @HCCINIT0_buzzer (c:\users\deno\desktop\ovt1205-h360c-sd1r1\output\OVT1205-H360C-SD1.OBJ)
     04h     00b2h     00b2h    0001h      DATA     20        @HCCINIT0_f_lock (c:\users\deno\desktop\ovt1205-h360c-sd1r1\output\OVT1205-H360C-SD1.OBJ)
     04h     00b3h     00b3h    0001h      DATA     20        @HCCINIT0_f_power (c:\users\deno\desktop\ovt1205-h360c-sd1r1\output\OVT1205-H360C-SD1.OBJ)
     04h     00b4h     00b5h    0002h      DATA     17        @HCCINIT0_speed_key (c:\users\deno\desktop\ovt1205-h360c-sd1r1\output\OVT1205-H360C-SD1.OBJ)
     04h     00b6h     00b6h    0001h      DATA     16        @HCCINIT0_f_icon_p (c:\users\deno\desktop\ovt1205-h360c-sd1r1\output\OVT1205-H360C-SD1.OBJ)
     04h     00b7h     00b7h    0001h      DATA     15        @HCCINIT0_f_all_leds_on (c:\users\deno\desktop\ovt1205-h360c-sd1r1\output\OVT1205-H360C-SD1.OBJ)
     04h     00b8h     00b9h    0002h      DATA     14        @HCCINIT0_counter_key_press (c:\users\deno\desktop\ovt1205-h360c-sd1r1\output\OVT1205-H360C-SD1.OBJ)
     04h     00bah     00bah    0001h      DATA     14        @HCCINIT0_cook_temperature_set (c:\users\deno\desktop\ovt1205-h360c-sd1r1\output\OVT1205-H360C-SD1.OBJ)
     04h     00bbh     00bbh    0001h      DATA     14        @HCCINIT0_counter_setting (c:\users\deno\desktop\ovt1205-h360c-sd1r1\output\OVT1205-H360C-SD1.OBJ)
     04h     00bch     00bch    0001h      DATA     13        @HCCINIT0_f_test (c:\users\deno\desktop\ovt1205-h360c-sd1r1\output\OVT1205-H360C-SD1.OBJ)
     04h     00bdh     00bdh    0001h      DATA     13        @HCCINIT0_f_motor_chicken (c:\users\deno\desktop\ovt1205-h360c-sd1r1\output\OVT1205-H360C-SD1.OBJ)
     04h     00beh     00beh    0001h      DATA     12        @HCCINIT0_f_test_deno (c:\users\deno\desktop\ovt1205-h360c-sd1r1\output\OVT1205-H360C-SD1.OBJ)
     04h     00bfh     00bfh    0001h      DATA     12        @HCCINIT0_f_icon_auto (c:\users\deno\desktop\ovt1205-h360c-sd1r1\output\OVT1205-H360C-SD1.OBJ)
     04h     00c0h     00c0h    0001h      DATA     11        @HCCINIT0_clock_hour (c:\users\deno\desktop\ovt1205-h360c-sd1r1\output\OVT1205-H360C-SD1.OBJ)
     04h     00c1h     00c1h    0001h      DATA     11        @HCCINIT0_f_standby (c:\users\deno\desktop\ovt1205-h360c-sd1r1\output\OVT1205-H360C-SD1.OBJ)
     04h     00c2h     00c2h    0001h      DATA     10        @HCCINIT0_clock_minute (c:\users\deno\desktop\ovt1205-h360c-sd1r1\output\OVT1205-H360C-SD1.OBJ)
     04h     00c3h     00c3h    0001h      DATA     10        @HCCINIT0_f_standby_hold (c:\users\deno\desktop\ovt1205-h360c-sd1r1\output\OVT1205-H360C-SD1.OBJ)
     04h     00c4h     00c4h    0001h      DATA     9         @HCCINIT0_cook_second_set (c:\users\deno\desktop\ovt1205-h360c-sd1r1\output\OVT1205-H360C-SD1.OBJ)
     04h     00c5h     00c6h    0002h      DATA     9         @HCCINIT0_f_cook_show (c:\users\deno\desktop\ovt1205-h360c-sd1r1\output\OVT1205-H360C-SD1.OBJ)
     04h     00c7h     00c7h    0001h      DATA     9         @HCCINIT0_f_icon_lock (c:\users\deno\desktop\ovt1205-h360c-sd1r1\output\OVT1205-H360C-SD1.OBJ)
     04h     00c8h     00c8h    0001h      DATA     8         @HCCINIT0_counter_key_release (c:\users\deno\desktop\ovt1205-h360c-sd1r1\output\OVT1205-H360C-SD1.OBJ)
     04h     00c9h     00c9h    0001h      DATA     8         @HCCINIT0_f_led_defrost (c:\users\deno\desktop\ovt1205-h360c-sd1r1\output\OVT1205-H360C-SD1.OBJ)
     04h     00cah     00cah    0001h      DATA     8         @HCCINIT0_f_led_cake (c:\users\deno\desktop\ovt1205-h360c-sd1r1\output\OVT1205-H360C-SD1.OBJ)
     04h     00cbh     00cbh    0001h      DATA     8         @HCCINIT0_f_led_chicken (c:\users\deno\desktop\ovt1205-h360c-sd1r1\output\OVT1205-H360C-SD1.OBJ)
     04h     00cch     00cch    0001h      DATA     8         @HCCINIT0_f_led_pizza (c:\users\deno\desktop\ovt1205-h360c-sd1r1\output\OVT1205-H360C-SD1.OBJ)
     04h     00cdh     00cdh    0001h      DATA     8         @HCCINIT0_f_led_motor (c:\users\deno\desktop\ovt1205-h360c-sd1r1\output\OVT1205-H360C-SD1.OBJ)
     04h     00ceh     00ceh    0001h      DATA     8         @HCCINIT0_f_led_ele_bot (c:\users\deno\desktop\ovt1205-h360c-sd1r1\output\OVT1205-H360C-SD1.OBJ)
     04h     00cfh     00cfh    0001h      DATA     8         @HCCINIT0_f_led_ele_top (c:\users\deno\desktop\ovt1205-h360c-sd1r1\output\OVT1205-H360C-SD1.OBJ)
     04h     00d0h     00d0h    0001h      DATA     8         @HCCINIT0_f_colon_show (c:\users\deno\desktop\ovt1205-h360c-sd1r1\output\OVT1205-H360C-SD1.OBJ)
     04h     00d1h     00d1h    0001h      DATA     8         @HCCINIT0_f_blink_state (c:\users\deno\desktop\ovt1205-h360c-sd1r1\output\OVT1205-H360C-SD1.OBJ)
     04h     00d2h     00d2h    0001h      DATA     8         @HCCINIT0_f_element (c:\users\deno\desktop\ovt1205-h360c-sd1r1\output\OVT1205-H360C-SD1.OBJ)
     04h     00d3h     00d4h    0002h      DATA     7         @HCCINIT0_counter_buzzer (c:\users\deno\desktop\ovt1205-h360c-sd1r1\output\OVT1205-H360C-SD1.OBJ)
     04h     00d5h     00d5h    0001h      DATA     7         @HCCINIT0_f_led_start (c:\users\deno\desktop\ovt1205-h360c-sd1r1\output\OVT1205-H360C-SD1.OBJ)
     04h     00d6h     00d6h    0001h      DATA     7         @HCCINIT0_f_xtal_show_status (c:\users\deno\desktop\ovt1205-h360c-sd1r1\output\OVT1205-H360C-SD1.OBJ)
     04h     00d7h     00d7h    0001h      DATA     7         @HCCINIT0_f_buzzer (c:\users\deno\desktop\ovt1205-h360c-sd1r1\output\OVT1205-H360C-SD1.OBJ)
     04h     00d8h     00d8h    0001h      DATA     7         @HCCINIT0_f_icon_finish_cooking (c:\users\deno\desktop\ovt1205-h360c-sd1r1\output\OVT1205-H360C-SD1.OBJ)
     04h     00d9h     00d9h    0001h      DATA     7         @HCCINIT0_f_icon_cook (c:\users\deno\desktop\ovt1205-h360c-sd1r1\output\OVT1205-H360C-SD1.OBJ)
     04h     00dah     00dah    0001h      DATA     7         @HCCINIT0_f_preheat_alarm (c:\users\deno\desktop\ovt1205-h360c-sd1r1\output\OVT1205-H360C-SD1.OBJ)
     04h     00dbh     00dch    0002h      DATA     6         @HCCINIT0_caviti_temperature (c:\users\deno\desktop\ovt1205-h360c-sd1r1\output\OVT1205-H360C-SD1.OBJ)
     04h     00ddh     00deh    0002h      DATA     6         @HCCINIT0_counter_power_off (c:\users\deno\desktop\ovt1205-h360c-sd1r1\output\OVT1205-H360C-SD1.OBJ)
     04h     00dfh     00e2h    0004h      DATA     5         @HCCINIT0_counter_test (c:\users\deno\desktop\ovt1205-h360c-sd1r1\output\OVT1205-H360C-SD1.OBJ)
     04h     00e3h     00e3h    0001h      DATA     5         @HCCINIT0_clock_second (c:\users\deno\desktop\ovt1205-h360c-sd1r1\output\OVT1205-H360C-SD1.OBJ)
     04h     00e4h     00e5h    0002h      DATA     5         @HCCINIT0_counter_blink_colon (c:\users\deno\desktop\ovt1205-h360c-sd1r1\output\OVT1205-H360C-SD1.OBJ)
     04h     00e6h     00e6h    0001h      DATA     5         @HCCINIT0_f_icon_Degree_Celsius (c:\users\deno\desktop\ovt1205-h360c-sd1r1\output\OVT1205-H360C-SD1.OBJ)
     04h     00e7h     00e7h    0001h      DATA     4         @HCCINIT0_preheat_time_second (c:\users\deno\desktop\ovt1205-h360c-sd1r1\output\OVT1205-H360C-SD1.OBJ)
     04h     00e8h     00e8h    0001h      DATA     4         @HCCINIT0_preheat_time_minute (c:\users\deno\desktop\ovt1205-h360c-sd1r1\output\OVT1205-H360C-SD1.OBJ)
     04h     00e9h     00eah    0002h      DATA     4         @HCCINIT0_counter_blink (c:\users\deno\desktop\ovt1205-h360c-sd1r1\output\OVT1205-H360C-SD1.OBJ)
     04h     00ebh     00ebh    0001h      DATA     4         @HCCINIT0_f_key_test (c:\users\deno\desktop\ovt1205-h360c-sd1r1\output\OVT1205-H360C-SD1.OBJ)
     04h     00ech     00ech    0001h      DATA     4         @HCCINIT0_f_relay_test (c:\users\deno\desktop\ovt1205-h360c-sd1r1\output\OVT1205-H360C-SD1.OBJ)
     04h     00edh     00edh    0001h      DATA     4         @HCCINIT0_f_blink_colon (c:\users\deno\desktop\ovt1205-h360c-sd1r1\output\OVT1205-H360C-SD1.OBJ)
     04h     00eeh     00eeh    0001h      DATA     4         @HCCINIT0_f_controller_init (c:\users\deno\desktop\ovt1205-h360c-sd1r1\output\OVT1205-H360C-SD1.OBJ)
     04h     00efh     00f0h    0002h      DATA     3         @HCCINIT0_counter_xtal_verify (c:\users\deno\desktop\ovt1205-h360c-sd1r1\output\OVT1205-H360C-SD1.OBJ)
     04h     00f1h     00f2h    0002h      DATA     3         @HCCINIT0_counter_cook_show (c:\users\deno\desktop\ovt1205-h360c-sd1r1\output\OVT1205-H360C-SD1.OBJ)
     04h     00f3h     00f4h    0002h      DATA     3         @HCCINIT0_counter_show_brand (c:\users\deno\desktop\ovt1205-h360c-sd1r1\output\OVT1205-H360C-SD1.OBJ)
     04h     00f5h     00f6h    0002h      DATA     3         @HCCINIT0_counter_read_temperature (c:\users\deno\desktop\ovt1205-h360c-sd1r1\output\OVT1205-H360C-SD1.OBJ)
     04h     00f7h     00f7h    0001h      DATA     3         @HCCINIT0_f_icon_test (c:\users\deno\desktop\ovt1205-h360c-sd1r1\output\OVT1205-H360C-SD1.OBJ)
     04h     00f8h     00f8h    0001h      DATA     2         @HCCINIT0_display_time_temp (c:\users\deno\desktop\ovt1205-h360c-sd1r1\output\OVT1205-H360C-SD1.OBJ)
     04h     00f9h     00fah    0002h      DATA     2         @HCCINIT0_counter_show_version (c:\users\deno\desktop\ovt1205-h360c-sd1r1\output\OVT1205-H360C-SD1.OBJ)
     04h     00fbh     00feh    0004h      DATA     2         @HCCINIT0_K4 (c:\users\deno\desktop\ovt1205-h360c-sd1r1\output\OVT1205-H360C-SD1.OBJ)
     04h     00ffh     00ffh    0001h      DATA     2         @HCCINIT0_f_xtal_failure (c:\users\deno\desktop\ovt1205-h360c-sd1r1\output\OVT1205-H360C-SD1.OBJ)
     05h     0080h     0083h    0004h      DATA     2         @HCCINIT0_K3 (c:\users\deno\desktop\ovt1205-h360c-sd1r1\output\OVT1205-H360C-SD1.OBJ)
     05h     0084h     0087h    0004h      DATA     2         @HCCINIT0_K2 (c:\users\deno\desktop\ovt1205-h360c-sd1r1\output\OVT1205-H360C-SD1.OBJ)
     05h     0088h     008bh    0004h      DATA     2         @HCCINIT0_K1 (c:\users\deno\desktop\ovt1205-h360c-sd1r1\output\OVT1205-H360C-SD1.OBJ)
     05h     008ch     008ch    0001h      DATA     2         @HCCINIT0_f_startup_temperature (c:\users\deno\desktop\ovt1205-h360c-sd1r1\output\OVT1205-H360C-SD1.OBJ)
     05h     008dh     008eh    0002h      DATA     2         @HCCINIT0_errno (C:\Program Files\Holtek MCU Development Tools\HT-IDE3000V8.x\LIB\v3_lmrmc.lib)
     05h     008fh     008fh    0001h      DATA     1         @HCCINIT0_counter_set_time (c:\users\deno\desktop\ovt1205-h360c-sd1r1\output\OVT1205-H360C-SD1.OBJ)
     05h     0090h     0090h    0001h      DATA     1         @HCCINIT0_counter_show_time_temp (c:\users\deno\desktop\ovt1205-h360c-sd1r1\output\OVT1205-H360C-SD1.OBJ)
     05h     0091h     0092h    0002h      DATA     1         @HCCINIT0_counter_icon_fan (c:\users\deno\desktop\ovt1205-h360c-sd1r1\output\OVT1205-H360C-SD1.OBJ)
     05h     0093h     0093h    0001h      DATA     1         @HCCINIT0_f_icon_colon (c:\users\deno\desktop\ovt1205-h360c-sd1r1\output\OVT1205-H360C-SD1.OBJ)
     05h     0094h     0094h    0001h      DATA     1         @HCCINIT0_f_fan_convection (c:\users\deno\desktop\ovt1205-h360c-sd1r1\output\OVT1205-H360C-SD1.OBJ)
     05h     0095h     00d3h    003fh      DATA     0         @HCCINIT0_program_user (c:\users\deno\desktop\ovt1205-h360c-sd1r1\output\OVT1205-H360C-SD1.OBJ)
     05h     00d4h     00d4h    0001h      DATA     0         @HCCINIT0_count_zero (c:\users\deno\desktop\ovt1205-h360c-sd1r1\output\OVT1205-H360C-SD1.OBJ)
     05h     00d5h     00d5h    0001h      DATA     0         @HCCINIT0_user_index (c:\users\deno\desktop\ovt1205-h360c-sd1r1\output\OVT1205-H360C-SD1.OBJ)
     05h     00d6h     00d6h    0001h      DATA     0         @HCCINIT0_f_element_bottom (c:\users\deno\desktop\ovt1205-h360c-sd1r1\output\OVT1205-H360C-SD1.OBJ)
     05h     00d7h     00d7h    0001h      DATA     0         @HCCINIT0_f_element_top (c:\users\deno\desktop\ovt1205-h360c-sd1r1\output\OVT1205-H360C-SD1.OBJ)
     05h     00d8h     00d8h    0001h      DATA     2         @data_r314 (isr:ra~rh)
     05h     00d9h     00d9h    0001h      DATA     2         @data_r414 (isr:ra~rh)
     05h     00dah     00dah    0001h      DATA     2         @data_r514 (isr:ra~rh)
     05h     00dbh     00dbh    0001h      DATA     2         @data_r614 (isr:ra~rh)
     05h     00dch     00dch    0001h      DATA     2         @data_r714 (isr:ra~rh)
     05h     00ddh     00ddh    0001h      DATA     2         @data_r328 (isr:ra~rh)
     05h     00deh     00deh    0001h      DATA     2         @data_r428 (isr:ra~rh)
     05h     00dfh     00dfh    0001h      DATA     2         @data_r528 (isr:ra~rh)
     05h     00e0h     00e0h    0001h      DATA     2         @data_r628 (isr:ra~rh)
     05h     00e1h     00e1h    0001h      DATA     2         @data_r728 (isr:ra~rh)

     Local Sections

     Bank    Start     End      Length     Class    AvgIns    Name
     00h     00ffh     00ffh    0000h      LOCAL    0         @dummy20 (c:\users\deno\desktop\ovt1205-h360c-sd1r1\output\OVT1205-H360C-SD1.OBJ)
     00h     00ffh     00ffh    0000h      LOCAL    0         _CTMA0Interrupt (c:\users\deno\desktop\ovt1205-h360c-sd1r1\output\OVT1205-H360C-SD1.OBJ)
     02h     00f1h     00f1h    0001h      LOCAL    20        _refresh_segment (c:\users\deno\desktop\ovt1205-h360c-sd1r1\output\OVT1205-H360C-SD1.OBJ)
     02h     00f0h     00f0h    0001h      LOCAL    1         _data_segment (c:\users\deno\desktop\ovt1205-h360c-sd1r1\output\OVT1205-H360C-SD1.OBJ)
     00h     00ffh     00ffh    0000h      LOCAL    0         _Crom2Prom (CROM2PROM)
     02h     00f0h     00f0h    0001h      LOCAL    7         _refresh_led (c:\users\deno\desktop\ovt1205-h360c-sd1r1\output\OVT1205-H360C-SD1.OBJ)
     00h     00ffh     00ffh    0000h      LOCAL    0         _make_sound (c:\users\deno\desktop\ovt1205-h360c-sd1r1\output\OVT1205-H360C-SD1.OBJ)
     00h     00ffh     00ffh    0000h      LOCAL    0         _program_test (c:\users\deno\desktop\ovt1205-h360c-sd1r1\output\OVT1205-H360C-SD1.OBJ)
     02h     00f0h     00f1h    0002h      LOCAL    9.5       _program_test_deno (c:\users\deno\desktop\ovt1205-h360c-sd1r1\output\OVT1205-H360C-SD1.OBJ)
     00h     00ffh     00ffh    0000h      LOCAL    0         @dummy40 (c:\users\deno\desktop\ovt1205-h360c-sd1r1\output\OVT1205-H360C-SD1.OBJ)
     00h     00ffh     00ffh    0001h      LOCAL    5         _TB1Interrupt (c:\users\deno\desktop\ovt1205-h360c-sd1r1\output\OVT1205-H360C-SD1.OBJ)
     00h     00eah     00eah    0000h      LOCAL    0         _ending_handle (c:\users\deno\desktop\ovt1205-h360c-sd1r1\output\OVT1205-H360C-SD1.OBJ)
     00h     00eah     00eah    0000h      LOCAL    0         _reset (c:\users\deno\desktop\ovt1205-h360c-sd1r1\output\OVT1205-H360C-SD1.OBJ)
     00h     00f0h     00feh    000fh      LOCAL    3.2       _controller (c:\users\deno\desktop\ovt1205-h360c-sd1r1\output\OVT1205-H360C-SD1.OBJ)
     00h     00eah     00efh    0006h      LOCAL    4.1667    _builtin_holtek_mulhi3_isr28 (C:\Program Files\Holtek MCU Development Tools\HT-IDE3000V8.x\LIB\LIBHOLTEKGCC.LIB)
     00h     00ffh     00ffh    0000h      LOCAL    0         _USER_PROGRAM_INITIAL (c:\users\deno\desktop\ovt1205-h360c-sd1r1\output\OVT1205-H360C-SD1.OBJ)
     00h     00ffh     00ffh    0000h      LOCAL    0         _builtin_holtek_dtmul (C:\Program Files\Holtek MCU Development Tools\HT-IDE3000V8.x\LIB\LIBHOLTEKGCC.LIB)
     00h     00ffh     00ffh    0000h      LOCAL    0         _builtin_holtek_dtdecode (C:\Program Files\Holtek MCU Development Tools\HT-IDE3000V8.x\LIB\LIBHOLTEKGCC.LIB)
     02h     00f2h     00ffh    000eh      LOCAL    13.571    _log (C:\Program Files\Holtek MCU Development Tools\HT-IDE3000V8.x\LIB\v3_lmrmc.lib)
     00h     00ffh     00ffh    0000h      LOCAL    0         _builtin_holtek_dtsubadd (C:\Program Files\Holtek MCU Development Tools\HT-IDE3000V8.x\LIB\LIBHOLTEKGCC.LIB)
     01h     00d4h     00e2h    000fh      LOCAL    3.3333    _frexp (C:\Program Files\Holtek MCU Development Tools\HT-IDE3000V8.x\LIB\v3_lmrmc.lib)
     00h     00ffh     00ffh    0000h      LOCAL    0         _builtin_holtek_itod (C:\Program Files\Holtek MCU Development Tools\HT-IDE3000V8.x\LIB\LIBHOLTEKGCC.LIB)
     00h     00ffh     00ffh    0000h      LOCAL    0         _builtin_holtek_dtdiv (C:\Program Files\Holtek MCU Development Tools\HT-IDE3000V8.x\LIB\LIBHOLTEKGCC.LIB)
     01h     00e3h     00e7h    0005h      LOCAL    5.6       _temperature_calculation (c:\users\deno\desktop\ovt1205-h360c-sd1r1\output\OVT1205-H360C-SD1.OBJ)
     00h     00ffh     00ffh    0000h      LOCAL    0         _read_adc (c:\users\deno\desktop\ovt1205-h360c-sd1r1\output\OVT1205-H360C-SD1.OBJ)
     00h     00ffh     00ffh    0000h      LOCAL    0         _error_handle (c:\users\deno\desktop\ovt1205-h360c-sd1r1\output\OVT1205-H360C-SD1.OBJ)
     00h     00ffh     00ffh    0000h      LOCAL    0         _builtin_holtek_uitod (C:\Program Files\Holtek MCU Development Tools\HT-IDE3000V8.x\LIB\LIBHOLTEKGCC.LIB)
     00h     00ffh     00ffh    0000h      LOCAL    0         _builtin_holtek_dtol (C:\Program Files\Holtek MCU Development Tools\HT-IDE3000V8.x\LIB\LIBHOLTEKGCC.LIB)
     02h     00f2h     00f9h    0008h      LOCAL    16.5      _builtin_holtek_divmodhi4_isr00 (C:\Program Files\Holtek MCU Development Tools\HT-IDE3000V8.x\LIB\LIBHOLTEKGCC.LIB)
     02h     00f2h     00f2h    0001h      LOCAL    3         _temperature_predictor (c:\users\deno\desktop\ovt1205-h360c-sd1r1\output\OVT1205-H360C-SD1.OBJ)
     01h     00e8h     00e9h    0002h      LOCAL    40        _USER_PROGRAM (c:\users\deno\desktop\ovt1205-h360c-sd1r1\output\OVT1205-H360C-SD1.OBJ)
     00h     00ffh     00ffh    0000h      LOCAL    0         _cook_run (c:\users\deno\desktop\ovt1205-h360c-sd1r1\output\OVT1205-H360C-SD1.OBJ)
     02h     00fah     00fdh    0004h      LOCAL    23.75     _make_segment_data (c:\users\deno\desktop\ovt1205-h360c-sd1r1\output\OVT1205-H360C-SD1.OBJ)
     02h     00f2h     00f6h    0005h      LOCAL    10.2      _builtin_holtek_divmodqi4_isr00 (C:\Program Files\Holtek MCU Development Tools\HT-IDE3000V8.x\LIB\LIBHOLTEKGCC.LIB)
     02h     00f2h     00f2h    0001h      LOCAL    14        _make_led_flags (c:\users\deno\desktop\ovt1205-h360c-sd1r1\output\OVT1205-H360C-SD1.OBJ)

     Indepentent Local Sections

     Bank    Start     End      Length     Class    AvgIns    Name
     00h     00ffh     00ffh    0000h      ILOCAL   0         _builtin_holtek_dtnorm (C:\Program Files\Holtek MCU Development Tools\HT-IDE3000V8.x\LIB\LIBHOLTEKGCC.LIB)
     00h     00ffh     00ffh    0000h      ILOCAL   0         _builtin_holtek_dtinf (C:\Program Files\Holtek MCU Development Tools\HT-IDE3000V8.x\LIB\LIBHOLTEKGCC.LIB)

     Public Symbols Information
     Address            Public by Name
     00b4h[3]           _ANY_KEY_PRESSF
     0234h              _BS66F360_LIBV413
     021ah              _BS66F360_LIBV413_INITIAL
     03fbh              _CHECK_KEY_WAKEUP
     002ch              _CTMA0Interrupt
     1158h              _Crom2Prom
     1158h              _Crom2PromNext
     009fh              _DATA_BUF
     00b4h[0]           _FORCE_CALIBRATEF
     0832h              _GET_ENV_VALUE
     0824h              _GET_KEY_AMOUNT
     0826h              _GET_KEY_BITMAP
     081fh              _GET_LIB_VER
     082fh              _GET_RCC_VALUE
     0835h              _GET_REF_VALUE
     0080h              _GLOBE_VARIES
     0588h              _K1
     0584h              _K2
     0580h              _K3
     04fbh              _K4
     00aeh              _KEY_DATA
     00aah              _KEY_IO_SEL
     0380h              _KEY_REF
     0180h              _KEY_STATUS
     021ah              _LIBRARY_RESET
     08a2h              _LOAD_HXT_REFERENCE
     08a2h              _LOAD_TKS_GLOBE_VARIES
     00a7h              _SAMPLE_TIMES
     00b4h[2]           _SCAN_CYCLEF
     00a8h              _STANDBY_TIME
     00dah              _TB1Interrupt
     00b4h[5]           _TKS_250MSF
     00b4h[6]           _TKS_500MSF
     00b4h[4]           _TKS_63MSF
     00b4h[1]           _TKS_ACTIVEF
     00b4h              _TKS_FLAGA
     00a9h              _TKS_TIME_BASE
     2319h              _USER_PROGRAM
     2b50h              _USER_PROGRAM_INITIAL
     0943h              _builtin_holtek_dtadd
     08f4h              _builtin_holtek_dtdecode1
     08e9h              _builtin_holtek_dtdecode2
     09b8h              _builtin_holtek_dtdiv
     0003h              _builtin_holtek_dtinf
     0901h              _builtin_holtek_dtmul
     09f4h              _builtin_holtek_dtnorm
     098dh              _builtin_holtek_dtol
     0941h              _builtin_holtek_dtsub
     08fch              _builtin_holtek_dtzero
     08ffh              _builtin_holtek_dtzero1
     00cbh              _builtin_holtek_exp1
     00d4h              _builtin_holtek_exp2
     00cdh              _builtin_holtek_floatflag
     097fh              _builtin_holtek_itod
     00c8h              _builtin_holtek_mant1
     00ceh              _builtin_holtek_mant12p
     00d1h              _builtin_holtek_mant2
     0a3bh              _builtin_holtek_mulhi3_isr28
     00eah              _builtin_holtek_mulhi3_isr28_2
     00d5h              _builtin_holtek_prod
     00cch              _builtin_holtek_signs
     1409h              _builtin_holtek_udivmodhi4_isr00
     02f3h              _builtin_holtek_udivmodhi4_isr00_2
     13ddh              _builtin_holtek_udivmodqi4_isr00
     0988h              _builtin_holtek_uitod
     04b1h              _buzzer
     04dbh              _caviti_temperature
     04c0h              _clock_hour
     04c2h              _clock_minute
     04e3h              _clock_second
     0a4eh              _controller
     00f0h              _controller_2
     04a9h              _cook_minute_set
     049dh              _cook_mode
     228ch              _cook_run
     04c4h              _cook_second_set
     04bah              _cook_temperature_set
     05d4h              _count_zero
     04e9h              _counter_blink
     04e4h              _counter_blink_colon
     04d3h              _counter_buzzer
     04f1h              _counter_cook_show
     0591h              _counter_icon_fan
     04b8h              _counter_key_press
     04c8h              _counter_key_release
     04ddh              _counter_power_off
     04f5h              _counter_read_temperature
     058fh              _counter_set_time
     04bbh              _counter_setting
     04f3h              _counter_show_brand
     0590h              _counter_show_time_temp
     04f9h              _counter_show_version
     04dfh              _counter_test
     04adh              _counter_test_deno
     04efh              _counter_xtal_verify
     1166h              _data_segment
     04f8h              _display_time_temp
     0018h              _ending_handle
     058dh              _errno
     1fb1h              _error_handle
     049eh              _error_number
     04b7h              _f_all_leds_on
     04edh              _f_blink_colon
     04d1h              _f_blink_state
     04d7h              _f_buzzer
     04d0h              _f_colon_show
     04eeh              _f_controller_init
     04c5h              _f_cook_show
     04d2h              _f_element
     05d6h              _f_element_bottom
     05d7h              _f_element_top
     0594h              _f_fan_convection
     04a2h              _f_finish_cooking
     04e6h              _f_icon_Degree_Celsius
     04bfh              _f_icon_auto
     0593h              _f_icon_colon
     04d9h              _f_icon_cook
     04d8h              _f_icon_finish_cooking
     04c7h              _f_icon_lock
     04b6h              _f_icon_p
     04f7h              _f_icon_test
     049fh              _f_key_press
     04ebh              _f_key_test
     04cah              _f_led_cake
     04cbh              _f_led_chicken
     04c9h              _f_led_defrost
     04ceh              _f_led_ele_bot
     04cfh              _f_led_ele_top
     04cdh              _f_led_motor
     04cch              _f_led_pizza
     04d5h              _f_led_start
     04b2h              _f_lock
     04bdh              _f_motor_chicken
     04b3h              _f_power
     04dah              _f_preheat_alarm
     04abh              _f_preheat_enable
     04ech              _f_relay_test
     04ach              _f_show_brand
     04a3h              _f_show_version
     04c1h              _f_standby
     04c3h              _f_standby_hold
     04a0h              _f_start
     058ch              _f_startup_temperature
     04bch              _f_test
     04beh              _f_test_deno
     04ffh              _f_xtal_failure
     04d6h              _f_xtal_show_status
     1b08h              _frexp
     01d4h              _frexp_2
     1bf5h              _log
     02feh              _log_2
     12ech              _make_led_flags
     1449h              _make_segment_data
     103bh              _make_sound
     04e8h              _preheat_time_minute
     04e7h              _preheat_time_second
     0f30h              _program_test
     0bbdh              _program_test_deno
     0595h              _program_user
     2000h              _read_adc
     10cdh              _refresh_led
     1179h              _refresh_segment
     0b98h              _reset
     04a1h              _segment_on
     049ch              _setting_mode
     04b4h              _speed_key
     202ch              _temperature_calculation
     1a4dh              _temperature_predictor
     05d5h              _user_index
     04a4h              _value_segment
     00dfh              r114
     00e8h              r128
     00e0h              r214
     00e9h              r228
     05d8h              r314
     05ddh              r328
     05d9h              r414
     05deh              r428
     05dah              r514
     05dfh              r528
     05dbh              r614
     05e0h              r628
     05dch              r714
     05e1h              r728
     00c0h              ra
     00d8h              ra14
     00e7h              ra28
     00c1h              rb
     00d9h              rb14
     00e1h              rb28
     00c2h              rc
     00dah              rc14
     00e2h              rc28
     00c3h              rd
     00dbh              rd14
     00e5h              rd28
     00c4h              re
     00dch              re14
     00e6h              re28
     00c5h              rf
     00ddh              rf14
     00e3h              rf28
     00c6h              rg
     00deh              rg14
     00e4h              rg28
     00c7h              rh

     Address            Public by Value
     0003h              _builtin_holtek_dtinf
     0018h              _ending_handle
     002ch              _CTMA0Interrupt
     0080h              _GLOBE_VARIES
     009fh              _DATA_BUF
     00a7h              _SAMPLE_TIMES
     00a8h              _STANDBY_TIME
     00a9h              _TKS_TIME_BASE
     00aah              _KEY_IO_SEL
     00aeh              _KEY_DATA
     00b4h              _TKS_FLAGA
     00c0h              ra
     00c1h              rb
     00c2h              rc
     00c3h              rd
     00c4h              re
     00c5h              rf
     00c6h              rg
     00c7h              rh
     00c8h              _builtin_holtek_mant1
     00cbh              _builtin_holtek_exp1
     00cch              _builtin_holtek_signs
     00cdh              _builtin_holtek_floatflag
     00ceh              _builtin_holtek_mant12p
     00d1h              _builtin_holtek_mant2
     00d4h              _builtin_holtek_exp2
     00d5h              _builtin_holtek_prod
     00d8h              ra14
     00d9h              rb14
     00dah              rc14
     00dah              _TB1Interrupt
     00dbh              rd14
     00dch              re14
     00ddh              rf14
     00deh              rg14
     00dfh              r114
     00e0h              r214
     00e1h              rb28
     00e2h              rc28
     00e3h              rf28
     00e4h              rg28
     00e5h              rd28
     00e6h              re28
     00e7h              ra28
     00e8h              r128
     00e9h              r228
     00eah              _builtin_holtek_mulhi3_isr28_2
     00f0h              _controller_2
     0180h              _KEY_STATUS
     01d4h              _frexp_2
     021ah              _BS66F360_LIBV413_INITIAL
     021ah              _LIBRARY_RESET
     0234h              _BS66F360_LIBV413
     02f3h              _builtin_holtek_udivmodhi4_isr00_2
     02feh              _log_2
     0380h              _KEY_REF
     03fbh              _CHECK_KEY_WAKEUP
     049ch              _setting_mode
     049dh              _cook_mode
     049eh              _error_number
     049fh              _f_key_press
     04a0h              _f_start
     04a1h              _segment_on
     04a2h              _f_finish_cooking
     04a3h              _f_show_version
     04a4h              _value_segment
     04a9h              _cook_minute_set
     04abh              _f_preheat_enable
     04ach              _f_show_brand
     04adh              _counter_test_deno
     04b1h              _buzzer
     04b2h              _f_lock
     04b3h              _f_power
     04b4h              _speed_key
     04b6h              _f_icon_p
     04b7h              _f_all_leds_on
     04b8h              _counter_key_press
     04bah              _cook_temperature_set
     04bbh              _counter_setting
     04bch              _f_test
     04bdh              _f_motor_chicken
     04beh              _f_test_deno
     04bfh              _f_icon_auto
     04c0h              _clock_hour
     04c1h              _f_standby
     04c2h              _clock_minute
     04c3h              _f_standby_hold
     04c4h              _cook_second_set
     04c5h              _f_cook_show
     04c7h              _f_icon_lock
     04c8h              _counter_key_release
     04c9h              _f_led_defrost
     04cah              _f_led_cake
     04cbh              _f_led_chicken
     04cch              _f_led_pizza
     04cdh              _f_led_motor
     04ceh              _f_led_ele_bot
     04cfh              _f_led_ele_top
     04d0h              _f_colon_show
     04d1h              _f_blink_state
     04d2h              _f_element
     04d3h              _counter_buzzer
     04d5h              _f_led_start
     04d6h              _f_xtal_show_status
     04d7h              _f_buzzer
     04d8h              _f_icon_finish_cooking
     04d9h              _f_icon_cook
     04dah              _f_preheat_alarm
     04dbh              _caviti_temperature
     04ddh              _counter_power_off
     04dfh              _counter_test
     04e3h              _clock_second
     04e4h              _counter_blink_colon
     04e6h              _f_icon_Degree_Celsius
     04e7h              _preheat_time_second
     04e8h              _preheat_time_minute
     04e9h              _counter_blink
     04ebh              _f_key_test
     04ech              _f_relay_test
     04edh              _f_blink_colon
     04eeh              _f_controller_init
     04efh              _counter_xtal_verify
     04f1h              _counter_cook_show
     04f3h              _counter_show_brand
     04f5h              _counter_read_temperature
     04f7h              _f_icon_test
     04f8h              _display_time_temp
     04f9h              _counter_show_version
     04fbh              _K4
     04ffh              _f_xtal_failure
     0580h              _K3
     0584h              _K2
     0588h              _K1
     058ch              _f_startup_temperature
     058dh              _errno
     058fh              _counter_set_time
     0590h              _counter_show_time_temp
     0591h              _counter_icon_fan
     0593h              _f_icon_colon
     0594h              _f_fan_convection
     0595h              _program_user
     00b4h[0]           _FORCE_CALIBRATEF
     00b4h[1]           _TKS_ACTIVEF
     00b4h[2]           _SCAN_CYCLEF
     00b4h[3]           _ANY_KEY_PRESSF
     00b4h[4]           _TKS_63MSF
     00b4h[5]           _TKS_250MSF
     00b4h[6]           _TKS_500MSF
     05d4h              _count_zero
     05d5h              _user_index
     05d6h              _f_element_bottom
     05d7h              _f_element_top
     05d8h              r314
     05d9h              r414
     05dah              r514
     05dbh              r614
     05dch              r714
     05ddh              r328
     05deh              r428
     05dfh              r528
     05e0h              r628
     05e1h              r728
     081fh              _GET_LIB_VER
     0824h              _GET_KEY_AMOUNT
     0826h              _GET_KEY_BITMAP
     082fh              _GET_RCC_VALUE
     0832h              _GET_ENV_VALUE
     0835h              _GET_REF_VALUE
     08a2h              _LOAD_TKS_GLOBE_VARIES
     08a2h              _LOAD_HXT_REFERENCE
     08e9h              _builtin_holtek_dtdecode2
     08f4h              _builtin_holtek_dtdecode1
     08fch              _builtin_holtek_dtzero
     08ffh              _builtin_holtek_dtzero1
     0901h              _builtin_holtek_dtmul
     0941h              _builtin_holtek_dtsub
     0943h              _builtin_holtek_dtadd
     097fh              _builtin_holtek_itod
     0988h              _builtin_holtek_uitod
     098dh              _builtin_holtek_dtol
     09b8h              _builtin_holtek_dtdiv
     09f4h              _builtin_holtek_dtnorm
     0a3bh              _builtin_holtek_mulhi3_isr28
     0a4eh              _controller
     0b98h              _reset
     0bbdh              _program_test_deno
     0f30h              _program_test
     103bh              _make_sound
     10cdh              _refresh_led
     1158h              _Crom2Prom
     1158h              _Crom2PromNext
     1166h              _data_segment
     1179h              _refresh_segment
     12ech              _make_led_flags
     13ddh              _builtin_holtek_udivmodqi4_isr00
     1409h              _builtin_holtek_udivmodhi4_isr00
     1449h              _make_segment_data
     1a4dh              _temperature_predictor
     1b08h              _frexp
     1bf5h              _log
     1fb1h              _error_handle
     2000h              _read_adc
     202ch              _temperature_calculation
     228ch              _cook_run
     2319h              _USER_PROGRAM
     2b50h              _USER_PROGRAM_INITIAL

Warning(L3012) : MCU RAM information mismatch
               File 'C:\Users\DENO\AppData\Local\Temp\BS66F360_LIBV413.OBJ' and file 'c:\users\deno\desktop\ovt1205-h360c-sd1r1\output\OVT1205-H360C-SD1.OBJ'

ROM Usage Statistics
    Bank      Size      Used     Percentage
     00h       2000h     1fe4h    99%
     01h       2000h     0c93h    39%
     Total     4000h     2c77h    69%

RAM Usage Statistics
    Bank      Size      Used     Percentage
     00h       0080h     0080h    100%
     01h       0080h     0080h    100%
     02h       0080h     0080h    100%
     03h       0080h     0080h    100%
     04h       0080h     0080h    100%
     05h       0080h     0062h    76%
     06h       0080h     0000h    0%
     07h       0080h     0000h    0%
     Total     0400h     02e2h    72%

Use Stack Count
_CTMA0Interrupt: 3
_TB1Interrupt: 2
_USER_PROGRAM_INITIAL: 5
_USER_PROGRAM: 5

Call Tree
    @dummy20
        _CTMA0Interrupt (0)
            _refresh_segment (1)
                _data_segment (2)
                    _Crom2Prom (3)
            _refresh_led (1)
            _make_sound (1)
            _program_test (1)
            _program_test_deno (1)
    @dummy40
        _TB1Interrupt (0)
            _ending_handle (1)
                _reset (2)
            _controller (1)
                _builtin_holtek_mulhi3_isr28 (2)
    _USER_PROGRAM_INITIAL
        _builtin_holtek_dtmul (0)
            _builtin_holtek_dtdecode (1)
        _log (0)
            _builtin_holtek_dtsubadd (1)
                _builtin_holtek_dtdecode (2)
            _frexp (1)
                _builtin_holtek_dtsubadd (2)
                    _builtin_holtek_dtdecode (3)
                _builtin_holtek_dtmul (2)
                    _builtin_holtek_dtdecode (3)
                _builtin_holtek_itod (2)
            _builtin_holtek_dtsubadd (1)
                _builtin_holtek_dtdecode (2)
            _builtin_holtek_dtdiv (1)
                _builtin_holtek_dtdecode (2)
            _builtin_holtek_dtmul (1)
                _builtin_holtek_dtdecode (2)
            _builtin_holtek_itod (1)
        _builtin_holtek_dtsubadd (0)
            _builtin_holtek_dtdecode (1)
        _temperature_calculation (0)
            _read_adc (1)
            _error_handle (1)
            _builtin_holtek_uitod (1)
            _builtin_holtek_dtmul (1)
                _builtin_holtek_dtdecode (2)
            _builtin_holtek_dtsubadd (1)
                _builtin_holtek_dtdecode (2)
            _builtin_holtek_dtdiv (1)
                _builtin_holtek_dtdecode (2)
            _log (1)
                _builtin_holtek_dtsubadd (2)
                    _builtin_holtek_dtdecode (3)
                _frexp (2)
                    _builtin_holtek_dtsubadd (3)
                        _builtin_holtek_dtdecode (4)
                    _builtin_holtek_dtmul (3)
                        _builtin_holtek_dtdecode (4)
                    _builtin_holtek_itod (3)
                _builtin_holtek_dtsubadd (2)
                    _builtin_holtek_dtdecode (3)
                _builtin_holtek_dtdiv (2)
                    _builtin_holtek_dtdecode (3)
                _builtin_holtek_dtmul (2)
                    _builtin_holtek_dtdecode (3)
                _builtin_holtek_itod (2)
            _builtin_holtek_dtsubadd (1)
                _builtin_holtek_dtdecode (2)
            _builtin_holtek_dtol (1)
                _builtin_holtek_dtdecode (2)
            _builtin_holtek_divmodhi4_isr00 (1)
            _temperature_predictor (1)
                _builtin_holtek_itod (2)
                _builtin_holtek_dtmul (2)
                    _builtin_holtek_dtdecode (3)
                _builtin_holtek_dtsubadd (2)
                    _builtin_holtek_dtdecode (3)
                _builtin_holtek_dtol (2)
                    _builtin_holtek_dtdecode (3)
    _USER_PROGRAM
        _reset (0)
        _cook_run (0)
        _builtin_holtek_uitod (0)
        _builtin_holtek_dtsubadd (0)
            _builtin_holtek_dtdecode (1)
        _temperature_calculation (0)
            _read_adc (1)
            _error_handle (1)
            _builtin_holtek_uitod (1)
            _builtin_holtek_dtmul (1)
                _builtin_holtek_dtdecode (2)
            _builtin_holtek_dtsubadd (1)
                _builtin_holtek_dtdecode (2)
            _builtin_holtek_dtdiv (1)
                _builtin_holtek_dtdecode (2)
            _log (1)
                _builtin_holtek_dtsubadd (2)
                    _builtin_holtek_dtdecode (3)
                _frexp (2)
                    _builtin_holtek_dtsubadd (3)
                        _builtin_holtek_dtdecode (4)
                    _builtin_holtek_dtmul (3)
                        _builtin_holtek_dtdecode (4)
                    _builtin_holtek_itod (3)
                _builtin_holtek_dtsubadd (2)
                    _builtin_holtek_dtdecode (3)
                _builtin_holtek_dtdiv (2)
                    _builtin_holtek_dtdecode (3)
                _builtin_holtek_dtmul (2)
                    _builtin_holtek_dtdecode (3)
                _builtin_holtek_itod (2)
            _builtin_holtek_dtsubadd (1)
                _builtin_holtek_dtdecode (2)
            _builtin_holtek_dtol (1)
                _builtin_holtek_dtdecode (2)
            _builtin_holtek_divmodhi4_isr00 (1)
            _temperature_predictor (1)
                _builtin_holtek_itod (2)
                _builtin_holtek_dtmul (2)
                    _builtin_holtek_dtdecode (3)
                _builtin_holtek_dtsubadd (2)
                    _builtin_holtek_dtdecode (3)
                _builtin_holtek_dtol (2)
                    _builtin_holtek_dtdecode (3)
        _make_segment_data (0)
            _builtin_holtek_divmodhi4_isr00 (1)
            _builtin_holtek_divmodqi4_isr00 (1)
            _builtin_holtek_uitod (1)
            _builtin_holtek_dtmul (1)
                _builtin_holtek_dtdecode (2)
            _builtin_holtek_dtsubadd (1)
                _builtin_holtek_dtdecode (2)
        _make_led_flags (0)

HLINK: Program entry point at section 'PROGRAM_ENTRY' (address 0) of file 'c:\users\deno\desktop\ovt1205-h360c-sd1r1\output\MAIN_PROGRAM_V104.OBJ'

Total 0 error(s), Total 1 Warning(s)
